../Core/Src/main.c:64:6:send_uart	16	static
../Core/Src/main.c:75:5:_write	24	static
../Core/Src/main.c:86:5:main	112	static
../Core/Src/main.c:175:6:SystemClock_Config	88	static
../Core/Src/main.c:221:13:MX_USART2_UART_Init	8	static
../Core/Src/main.c:254:13:MX_GPIO_Init	40	static
../Core/Src/main.c:292:6:StartDefaultTask	32	static
../Core/Src/main.c:320:6:StartTask02	24	static
../Core/Src/main.c:342:6:StartTask03	24	static
../Core/Src/main.c:369:6:HAL_TIM_PeriodElapsedCallback	16	static
../Core/Src/main.c:387:6:Error_Handler	4	static,ignoring_inline_asm
