../Drivers/CMSIS/Include/core_cm4.h:2064:26:ITM_SendChar	16	static,ignoring_inline_asm
../Core/Src/main.c:85:5:_write	32	static
../Core/Src/main.c:106:5:main	8	static
../Core/Src/main.c:197:6:SystemClock_Config	88	static
../Core/Src/main.c:239:13:MX_USART2_UART_Init	8	static
../Core/Src/main.c:272:13:MX_GPIO_Init	40	static
../Core/Src/main.c:316:6:StartDefaultTask	16	static
../Core/Src/main.c:336:6:StartTask02	16	static
../Core/Src/main.c:355:6:PTCallback	16	static
../Core/Src/main.c:363:6:OTCallback	16	static
../Core/Src/main.c:378:6:HAL_TIM_PeriodElapsedCallback	16	static
../Core/Src/main.c:396:6:Error_Handler	4	static,ignoring_inline_asm
