../Drivers/CMSIS/Include/core_cm4.h:2064:26:ITM_SendChar	16	static,ignoring_inline_asm
../Core/Src/main.c:79:5:_write	32	static
../Core/Src/main.c:110:5:main	8	static
../Core/Src/main.c:203:6:SystemClock_Config	88	static
../Core/Src/main.c:249:13:MX_GPIO_Init	40	static
../Core/Src/main.c:286:6:StartDefaultTask	24	static
../Core/Src/main.c:308:6:StartTask02	24	static
../Core/Src/main.c:330:6:StartTask03	24	static
../Core/Src/main.c:353:6:StartTask04	24	static
../Core/Src/main.c:376:6:HAL_TIM_PeriodElapsedCallback	16	static
../Core/Src/main.c:394:6:Error_Handler	4	static,ignoring_inline_asm
