12:40:19 **** Incremental Build of configuration Debug for project RTOS_Task02 ****
make -j4 all 
arm-none-eabi-gcc "../Core/Src/main.c" -mcpu=cortex-m4 -std=gnu11 -g3 -DDEBUG -DUSE_HAL_DRIVER -DSTM32F407xx -c -I../Core/Inc -I../Drivers/STM32F4xx_HAL_Driver/Inc -I../Drivers/STM32F4xx_HAL_Driver/Inc/Legacy -I../Drivers/CMSIS/Device/ST/STM32F4xx/Include -I../Drivers/CMSIS/Include -I../Middlewares/Third_Party/FreeRTOS/Source/include -I../Middlewares/Third_Party/FreeRTOS/Source/CMSIS_RTOS -I../Middlewares/Third_Party/FreeRTOS/Source/portable/GCC/ARM_CM4F -O0 -ffunction-sections -fdata-sections -Wall -fstack-usage -fcyclomatic-complexity -MMD -MP -MF"Core/Src/main.d" -MT"Core/Src/main.o" --specs=nano.specs -mfpu=fpv4-sp-d16 -mfloat-abi=hard -mthumb -o "Core/Src/main.o"
arm-none-eabi-gcc -o "RTOS_Task02.elf" @"objects.list"   -mcpu=cortex-m4 -T"C:\Users\My PC\STM32CubeIDE\workspace_RTOS\RTOS_Task02\STM32F407VGTX_FLASH.ld" --specs=nosys.specs -Wl,-Map="RTOS_Task02.map" -Wl,--gc-sections -static --specs=nano.specs -mfpu=fpv4-sp-d16 -mfloat-abi=hard -mthumb -Wl,--start-group -lc -lm -Wl,--end-group
Finished building target: RTOS_Task02.elf
 
arm-none-eabi-size  RTOS_Task02.elf 
arm-none-eabi-objdump -h -S RTOS_Task02.elf  > "RTOS_Task02.list"
   text	   data	    bss	    dec	    hex	filename
  20796	    108	  18356	  39260	   995c	RTOS_Task02.elf
Finished building: default.size.stdout
 
Finished building: RTOS_Task02.list
 

12:40:25 Build Finished. 0 errors, 0 warnings. (took 5s.276ms)

